  Determining projects to restore...
S:\Studia\6sem\CHMURA\Laby\2\Shared\Shared.csproj : warning NU1903: Package 'System.Text.Json' 8.0.4 has a known high severity vulnerability, https://github.com/advisories/GHSA-8g4q-xg66-9fp4 [S:\Studia\6sem\CHMURA\Laby\2\ClanWars.sln]
  All projects are up-to-date for restore.
S:\Studia\6sem\CHMURA\Laby\2\Shared\Shared.csproj : warning NU1903: Package 'System.Text.Json' 8.0.4 has a known high severity vulnerability, https://github.com/advisories/GHSA-8g4q-xg66-9fp4
  Shared -> S:\Studia\6sem\CHMURA\Laby\2\Shared\bin\Debug\net8.0\Shared.dll
  Inventories.Service -> S:\Studia\6sem\CHMURA\Laby\2\Inventories\bin\Debug\net8.0\Inventories.Service.dll
  PlayerMatchesHistory.Service -> S:\Studia\6sem\CHMURA\Laby\2\PlayerMatchesHistory\bin\Debug\net8.0\PlayerMatchesHistory.Service.dll
  Clans.Service -> S:\Studia\6sem\CHMURA\Laby\2\Clans\bin\Debug\net8.0\Clans.Service.dll
  Notifications.Service -> S:\Studia\6sem\CHMURA\Laby\2\Notifications\bin\Debug\net8.0\Notifications.Service.dll
S:\Studia\6sem\CHMURA\Laby\2\Rewards\Workers\RewardsWorker.cs(51,38): error CS0246: The type or namespace name 'RewardItem' could not be found (are you missing a using directive or an assembly reference?) [S:\Studia\6sem\CHMURA\Laby\2\Rewards\Rewards.Service.csproj]
S:\Studia\6sem\CHMURA\Laby\2\ClanGames\Controllers\ClanWarController.cs(52,17): error CS0246: The type or namespace name 'ClanResult' could not be found (are you missing a using directive or an assembly reference?) [S:\Studia\6sem\CHMURA\Laby\2\ClanGames\ClanGames.Api.csproj]
S:\Studia\6sem\CHMURA\Laby\2\ClanGames\Controllers\ClanWarController.cs(53,17): error CS0246: The type or namespace name 'PlayerStats' could not be found (are you missing a using directive or an assembly reference?) [S:\Studia\6sem\CHMURA\Laby\2\ClanGames\ClanGames.Api.csproj]

Build FAILED.

S:\Studia\6sem\CHMURA\Laby\2\Shared\Shared.csproj : warning NU1903: Package 'System.Text.Json' 8.0.4 has a known high severity vulnerability, https://github.com/advisories/GHSA-8g4q-xg66-9fp4 [S:\Studia\6sem\CHMURA\Laby\2\ClanWars.sln]
S:\Studia\6sem\CHMURA\Laby\2\Shared\Shared.csproj : warning NU1903: Package 'System.Text.Json' 8.0.4 has a known high severity vulnerability, https://github.com/advisories/GHSA-8g4q-xg66-9fp4
S:\Studia\6sem\CHMURA\Laby\2\Rewards\Workers\RewardsWorker.cs(51,38): error CS0246: The type or namespace name 'RewardItem' could not be found (are you missing a using directive or an assembly reference?) [S:\Studia\6sem\CHMURA\Laby\2\Rewards\Rewards.Service.csproj]
S:\Studia\6sem\CHMURA\Laby\2\ClanGames\Controllers\ClanWarController.cs(52,17): error CS0246: The type or namespace name 'ClanResult' could not be found (are you missing a using directive or an assembly reference?) [S:\Studia\6sem\CHMURA\Laby\2\ClanGames\ClanGames.Api.csproj]
S:\Studia\6sem\CHMURA\Laby\2\ClanGames\Controllers\ClanWarController.cs(53,17): error CS0246: The type or namespace name 'PlayerStats' could not be found (are you missing a using directive or an assembly reference?) [S:\Studia\6sem\CHMURA\Laby\2\ClanGames\ClanGames.Api.csproj]
    2 Warning(s)
    3 Error(s)

Time Elapsed 00:00:01.21
